Кандидатов коллекций: 104
CC-MAIN-2019-02: 0 строк | уникальных токенов: 0 | 1с
CC-MAIN-2019-06: попытка 1 FAIL HTTP Error 504: Gateway Time-out, ждём 10с
CC-MAIN-2019-06: 0 строк | уникальных токенов: 0 | 24с
CC-MAIN-2019-10: 0 строк | уникальных токенов: 0 | 26с
CC-MAIN-2019-14: 0 строк | уникальных токенов: 0 | 28с
CC-MAIN-2019-18: 0 строк | уникальных токенов: 0 | 30с
CC-MAIN-2019-22: 0 строк | уникальных токенов: 0 | 32с
CC-MAIN-2019-26: 0 строк | уникальных токенов: 0 | 34с
CC-MAIN-2019-30: 0 строк | уникальных токенов: 0 | 36с
CC-MAIN-2019-34: 0 строк | уникальных токенов: 0 | 38с
CC-MAIN-2019-38: 0 строк | уникальных токенов: 0 | 40с
CC-MAIN-2019-42: 0 строк | уникальных токенов: 0 | 42с
CC-MAIN-2019-46: 0 строк | уникальных токенов: 0 | 44с
CC-MAIN-2019-50: 0 строк | уникальных токенов: 0 | 45с
CC-MAIN-2020-02: 0 строк | уникальных токенов: 0 | 47с
CC-MAIN-2020-06: 0 строк | уникальных токенов: 0 | 49с
CC-MAIN-2020-10: 0 строк | уникальных токенов: 0 | 51с
CC-MAIN-2020-14: 0 строк | уникальных токенов: 0 | 54с
CC-MAIN-2020-18: 0 строк | уникальных токенов: 0 | 55с
CC-MAIN-2020-22: 0 строк | уникальных токенов: 0 | 57с
CC-MAIN-2020-26: 0 строк | уникальных токенов: 0 | 59с
CC-MAIN-2020-30: 0 строк | уникальных токенов: 0 | 61с
CC-MAIN-2020-34: 0 строк | уникальных токенов: 0 | 63с
CC-MAIN-2020-38: 0 строк | уникальных токенов: 0 | 68с
CC-MAIN-2020-42: 0 строк | уникальных токенов: 0 | 70с
CC-MAIN-2020-46: 0 строк | уникальных токенов: 0 | 72с
CC-MAIN-2020-50: 0 строк | уникальных токенов: 0 | 76с
CC-MAIN-2021-02: 0 строк | уникальных токенов: 0 | 78с
CC-MAIN-2021-06: 0 строк | уникальных токенов: 0 | 80с
CC-MAIN-2021-10: 0 строк | уникальных токенов: 0 | 82с
CC-MAIN-2021-14: 0 строк | уникальных токенов: 0 | 86с
CC-MAIN-2021-18: 0 строк | уникальных токенов: 0 | 87с
CC-MAIN-2021-22: попытка 1 FAIL HTTP Error 502: Bad Gateway, ждём 10с
CC-MAIN-2021-22: 0 строк | уникальных токенов: 0 | 106с
CC-MAIN-2021-26: 0 строк | уникальных токенов: 0 | 108с
CC-MAIN-2021-30: 0 строк | уникальных токенов: 0 | 110с
CC-MAIN-2021-34: 0 строк | уникальных токенов: 0 | 111с
CC-MAIN-2021-38: 0 строк | уникальных токенов: 0 | 114с
CC-MAIN-2021-42: 0 строк | уникальных токенов: 0 | 127с
CC-MAIN-2021-46: 0 строк | уникальных токенов: 0 | 128с
CC-MAIN-2021-50: 0 строк | уникальных токенов: 0 | 130с
CC-MAIN-2022-02: 0 строк | уникальных токенов: 0 | 132с
CC-MAIN-2022-06: 0 строк | уникальных токенов: 0 | 134с
CC-MAIN-2022-10: 0 строк | уникальных токенов: 0 | 137с
CC-MAIN-2022-14: 0 строк | уникальных токенов: 0 | 139с
CC-MAIN-2022-18: 0 строк | уникальных токенов: 0 | 141с
CC-MAIN-2022-22: 0 строк | уникальных токенов: 0 | 143с
CC-MAIN-2022-26: 0 строк | уникальных токенов: 0 | 148с
CC-MAIN-2022-30: 0 строк | уникальных токенов: 0 | 151с
CC-MAIN-2022-34: 0 строк | уникальных токенов: 0 | 153с
CC-MAIN-2022-38: 0 строк | уникальных токенов: 0 | 155с
CC-MAIN-2022-42: 0 строк | уникальных токенов: 0 | 157с
CC-MAIN-2022-46: 0 строк | уникальных токенов: 0 | 161с
CC-MAIN-2022-50: 0 строк | уникальных токенов: 0 | 163с
CC-MAIN-2023-02: 0 строк | уникальных токенов: 0 | 164с
CC-MAIN-2023-06: 0 строк | уникальных токенов: 0 | 167с
CC-MAIN-2023-10: 0 строк | уникальных токенов: 0 | 169с
CC-MAIN-2023-14: попытка 1 FAIL HTTP Error 502: Bad Gateway, ждём 10с
CC-MAIN-2023-14: 0 строк | уникальных токенов: 0 | 194с
CC-MAIN-2023-18: 0 строк | уникальных токенов: 0 | 196с
CC-MAIN-2023-22: 0 строк | уникальных токенов: 0 | 199с
CC-MAIN-2023-26: 0 строк | уникальных токенов: 0 | 201с
CC-MAIN-2023-30: 0 строк | уникальных токенов: 0 | 202с
CC-MAIN-2023-34: 0 строк | уникальных токенов: 0 | 204с
CC-MAIN-2023-38: 0 строк | уникальных токенов: 0 | 207с
CC-MAIN-2023-42: 0 строк | уникальных токенов: 0 | 211с
CC-MAIN-2023-46: 0 строк | уникальных токенов: 0 | 219с
CC-MAIN-2023-50: попытка 1 FAIL HTTP Error 400: Bad Request, ждём 10с
CC-MAIN-2023-50: попытка 2 FAIL HTTP Error 504: Gateway Time-out, ждём 20с
CC-MAIN-2023-50: 0 строк | уникальных токенов: 0 | 271с
CC-MAIN-2024-02: 0 строк | уникальных токенов: 0 | 273с
CC-MAIN-2024-06: 0 строк | уникальных токенов: 0 | 275с
CC-MAIN-2024-10: 0 строк | уникальных токенов: 0 | 277с
CC-MAIN-2024-14: 0 строк | уникальных токенов: 0 | 279с
CC-MAIN-2024-18: 0 строк | уникальных токенов: 0 | 282с
CC-MAIN-2024-22: 0 строк | уникальных токенов: 0 | 285с
CC-MAIN-2024-26: 0 строк | уникальных токенов: 0 | 293с
CC-MAIN-2024-30: 0 строк | уникальных токенов: 0 | 295с
CC-MAIN-2024-34: 0 строк | уникальных токенов: 0 | 298с
CC-MAIN-2024-38: 0 строк | уникальных токенов: 0 | 300с
CC-MAIN-2024-42: 0 строк | уникальных токенов: 0 | 302с
CC-MAIN-2024-46: 0 строк | уникальных токенов: 0 | 305с
CC-MAIN-2024-50: 0 строк | уникальных токенов: 0 | 307с
CC-MAIN-2025-02: 0 строк | уникальных токенов: 0 | 310с
CC-MAIN-2025-06: 0 строк | уникальных токенов: 0 | 312с
CC-MAIN-2025-10: 0 строк | уникальных токенов: 0 | 314с
CC-MAIN-2025-14: 0 строк | уникальных токенов: 0 | 316с
CC-MAIN-2025-18: 0 строк | уникальных токенов: 0 | 318с
CC-MAIN-2025-22: 0 строк | уникальных токенов: 0 | 321с
CC-MAIN-2025-26: 0 строк | уникальных токенов: 0 | 326с
CC-MAIN-2025-30: 0 строк | уникальных токенов: 0 | 328с
CC-MAIN-2025-34: 0 строк | уникальных токенов: 0 | 330с
CC-MAIN-2025-38: 0 строк | уникальных токенов: 0 | 333с
CC-MAIN-2025-42: 0 строк | уникальных токенов: 0 | 335с
CC-MAIN-2025-46: 0 строк | уникальных токенов: 0 | 337с
CC-MAIN-2025-50: 0 строк | уникальных токенов: 0 | 344с
CC-MAIN-2026-02: 0 строк | уникальных токенов: 0 | 346с
CC-MAIN-2026-06: 0 строк | уникальных токенов: 0 | 349с
CC-MAIN-2026-10: 0 строк | уникальных токенов: 0 | 351с
CC-MAIN-2026-14: 0 строк | уникальных токенов: 0 | 358с
CC-MAIN-2026-18: 0 строк | уникальных токенов: 0 | 372с
CC-MAIN-2026-22: 0 строк | уникальных токенов: 0 | 375с
CC-MAIN-2026-26: 0 строк | уникальных токенов: 0 | 376с
CC-MAIN-2026-30: 0 строк | уникальных токенов: 0 | 379с
CC-MAIN-2026-34: 0 строк | уникальных токенов: 0 | 388с
CC-MAIN-2026-38: 0 строк | уникальных токенов: 0 | 392с
CC-MAIN-2026-42: 0 строк | уникальных токенов: 0 | 397с
CC-MAIN-2026-46: 0 строк | уникальных токенов: 0 | 399с
CC-MAIN-2026-50: 0 строк | уникальных токенов: 0 | 401с

Готово: 0 токенов с датами -> [home]/binance-listing-study/data/cc_dates.csv
